---
source: components/markdown/tests/markdown.rs
expression: body
---
<!-- Adapted from https://markdown-it.github.io/ -->
<h1 id="h1-heading">h1 Heading</h1>
<h2 id="h2-heading">h2 Heading</h2>
<h3 id="h3-heading">h3 Heading</h3>
<h4 id="h4-heading">h4 Heading</h4>
<h5 id="h5-heading">h5 Heading</h5>
<h6 id="h6-heading">h6 Heading</h6>
<h2 id="horizontal-rules">Horizontal Rules</h2>
<hr />
<hr />
<hr />
<h2 id="emphasis">Emphasis</h2>
<p><strong>This is bold text</strong></p>
<p><strong>This is bold text</strong></p>
<p><em>This is italic text</em></p>
<p><em>This is italic text</em></p>
<p><del>Strikethrough</del></p>
<h2 id="blockquotes">Blockquotes</h2>
<blockquote>
<p>Blockquotes can also be nested...</p>
<blockquote>
<p>...by using additional greater-than signs right next to each other...</p>
<blockquote>
<p>...or with spaces between arrows.</p>
</blockquote>
</blockquote>
</blockquote>
<h2 id="lists">Lists</h2>
<p>Unordered</p>
<ul>
<li>Create a list by starting a line with <code>+</code>, <code>-</code>, or <code>*</code></li>
<li>Sub-lists are made by indenting 2 spaces:
<ul>
<li>Marker character change forces new list start:
<ul>
<li>Ac tristique libero volutpat at</li>
</ul>
<ul>
<li>Facilisis in pretium nisl aliquet</li>
</ul>
<ul>
<li>Nulla volutpat aliquam velit</li>
</ul>
</li>
</ul>
</li>
<li>Very easy!</li>
</ul>
<p>Ordered</p>
<ol>
<li>
<p>Lorem ipsum dolor sit amet</p>
</li>
<li>
<p>Consectetur adipiscing elit</p>
</li>
<li>
<p>Integer molestie lorem at massa</p>
</li>
<li>
<p>You can use sequential numbers...</p>
</li>
<li>
<p>...or keep all the numbers as <code>1.</code></p>
</li>
</ol>
<p>Start numbering with offset:</p>
<ol start="57">
<li>foo</li>
<li>bar</li>
</ol>
<h2 id="code">Code</h2>
<p>Inline <code>code</code></p>
<p>Indented code</p>
<pre><code>&#x2F;&#x2F; Some comments
line 1 of code
line 2 of code
line 3 of code
</code></pre>
<p>Block code "fences"</p>
<pre><code>Sample text here...
</code></pre>
<p>Syntax highlighting</p>
<pre data-lang="js" class="language-js "><code class="language-js" data-lang="js">var foo = function (bar) {
  return bar++;
};

console.log(foo(5));
</code></pre>
<h2 id="shortcodes">Shortcodes</h2>
<h2 id="tables">Tables</h2>
<table><thead><tr><th>Option</th><th>Description</th></tr></thead><tbody>
<tr><td>data</td><td>path to data files to supply the data that will be passed into templates.</td></tr>
<tr><td>engine</td><td>engine to be used for processing templates. Handlebars is the default.</td></tr>
<tr><td>ext</td><td>extension to be used for dest files.</td></tr>
</tbody></table>
<p>Right aligned columns</p>
<table><thead><tr><th style="text-align: right">Option</th><th style="text-align: right">Description</th></tr></thead><tbody>
<tr><td style="text-align: right">data</td><td style="text-align: right">path to data files to supply the data that will be passed into templates.</td></tr>
<tr><td style="text-align: right">engine</td><td style="text-align: right">engine to be used for processing templates. Handlebars is the default.</td></tr>
<tr><td style="text-align: right">ext</td><td style="text-align: right">extension to be used for dest files.</td></tr>
</tbody></table>
<h2 id="links">Links</h2>
<p><a href="http://duckduckgo.com">link text</a></p>
<p><a href="http://duckduckgo.com/" title="Duck duck go">link with title</a></p>
<h2 id="images">Images</h2>
<p><img src="https://octodex.github.com/images/minion.png" alt="Minion" />
<img src="https://octodex.github.com/images/stormtroopocat.jpg" alt="Stormtroopocat" title="The Stormtroopocat" /></p>
<p>Like links, Images also have a footnote style syntax</p>
<p><img src="https://octodex.github.com/images/dojocat.jpg" alt="Alt text" title="The Dojocat" /></p>
<p>With a reference later in the document defining the URL location:</p>
<h2 id="smileys">Smileys</h2>
<p>Like :smile:, :cry:</p>
<h3 id="footnotes">Footnotes</h3>
<p>Footnote 1 link<sup class="footnote-reference"><a href="#first">1</a></sup>.</p>
<p>Footnote 2 link<sup class="footnote-reference"><a href="#second">2</a></sup>.</p>
<p>Duplicated footnote reference<sup class="footnote-reference"><a href="#second">2</a></sup>.</p>
<div class="footnote-definition" id="first"><sup class="footnote-definition-label">1</sup>
<p>Footnote <strong>can have markup</strong>
and multiple paragraphs.</p>
</div>
<div class="footnote-definition" id="second"><sup class="footnote-definition-label">2</sup>
<p>Footnote text.</p>
</div>
<h2 id="wiki-style-images-links">Wiki style images, links</h2>
<p><a href="https://www.getzola.org/test/example.com">example.com</a></p>
<p><a href="https://www.getzola.org/test/example.com/exmple.jpg">example.com/exmple.jpg</a></p>
